******************************************************************************
                  TI ARM Linker Unix v20.2.2                   
******************************************************************************
>> Linked Tue Aug 23 17:40:33 2022

OUTPUT FILE NAME:   <TFG_SimAvion.out>
ENTRY POINT SYMBOL: "_c_int00_noargs"  address: 00019109


MEMORY CONFIGURATION

         name            origin    length      used     unused   attr    fill
----------------------  --------  ---------  --------  --------  ----  --------
  FLASH                 00000000   00040000  0001a162  00025e9e  R  X
  SRAM                  20000000   00008000  00007015  00000feb  RW X


SEGMENT ALLOCATION MAP

run origin  load origin   length   init length attrs members
----------  ----------- ---------- ----------- ----- -------
00000000    00000000    0001a168   0001a168    r-x
  00000000    00000000    0000026c   0000026c    r-- .intvecs
  0000026c    0000026c    0001909e   0001909e    r-x .text
  00019310    00019310    00000d30   00000d30    r-- .const
  0001a040    0001a040    00000128   00000128    r-- .cinit
20000000    20000000    0000701c   00000000    rw-
  20000000    20000000    0000026c   00000000    rw- .vtable
  2000026c    2000026c    0000636d   00000000    rw- .bss
  200065e0    200065e0    00000800   00000000    rw- .stack
  20006de0    20006de0    0000023c   00000000    rw- .data


SECTION ALLOCATION MAP

 output                                  attributes/
section   page    origin      length       input sections
--------  ----  ----------  ----------   ----------------
.intvecs   0    00000000    0000026c     
                  00000000    0000026c     startup_ccs.obj (.intvecs)

.text      0    0000026c    0001909e     
                  0000026c    00002e3c     usbhostenum.obj (.text)
                  000030a8    00001d28     tasks.obj (.text)
                  00004dd0    00001bf0     Inicial.obj (.text)
                  000069c0    000015ba     usb.obj (.text)
                  00007f7a    00000002     rtsv7M4_T_le_v4SPD16_eabi.lib : div0.asm.obj (.text)
                  00007f7c    0000134c     usbdenum.obj (.text)
                  000092c8    00000f80     sysctl.obj (.text)
                  0000a248    00000f20     usbdma.obj (.text)
                  0000b168    00000e58     queue.obj (.text)
                  0000bfc0    00000e48     usbdcdc.obj (.text)
                  0000ce08    00000cd8     i2cm_drv.obj (.text)
                  0000dae0    00000c14     gpio.obj (.text)
                  0000e6f4    00000ab0     uartstdioMod.obj (.text)
                  0000f1a4    00000a4e     rtsv7M4_T_le_v4SPD16_eabi.lib : _printfi.c.obj (.text:__TI_printfi)
                  0000fbf2    00000002     --HOLE-- [fill = 0]
                  0000fbf4    000009b4     bmp180.obj (.text)
                  000105a8    0000095c     mpu9150.obj (.text)
                  00010f04    00000924     usbhhub.obj (.text)
                  00011828    000008ac     comp_dcm.obj (.text)
                  000120d4    000006f0     timers.obj (.text)
                  000127c4    00000642     timer.obj (.text)
                  00012e06    00000002     --HOLE-- [fill = 0]
                  00012e08    0000062e     uart.obj (.text)
                  00013436    00000002     --HOLE-- [fill = 0]
                  00013438    0000058c     rtsv7M4_T_le_v4SPD16_eabi.lib : e_powf.c.obj (.text:powf)
                  000139c4    00000510     tmp006.obj (.text)
                  00013ed4    00000500     usbmode.obj (.text)
                  000143d4    000004ae     usbbuffer.obj (.text)
                  00014882    00000002     --HOLE-- [fill = 0]
                  00014884    000003c0     interrupt.obj (.text)
                  00014c44    000003b4     isl29023.obj (.text)
                  00014ff8    000003a8     heap_4.obj (.text)
                  000153a0    00000388     serial2USBprotocol.obj (.text)
                  00015728    00000388     usbdconfig.obj (.text)
                  00015ab0    00000374     usb_dev_serial.obj (.text)
                  00015e24    0000036c     sht21.obj (.text)
                  00016190    000002f4     usbringbuf.obj (.text)
                  00016484    000002ec     rtsv7M4_T_le_v4SPD16_eabi.lib : s_atan.c.obj (.text:atan)
                  00016770    000002de     usbdcdesc.obj (.text)
                  00016a4e    00000002     --HOLE-- [fill = 0]
                  00016a50    00000270     rtsv7M4_T_le_v4SPD16_eabi.lib : _printfi.c.obj (.text:_pconv_a)
                  00016cc0    000001d8                                   : e_atan2.c.obj (.text:atan2)
                  00016e98    000001d2     usbdesc.obj (.text)
                  0001706a    00000002     --HOLE-- [fill = 0]
                  0001706c    000001d0     rtsv7M4_T_le_v4SPD16_eabi.lib : _printfi.c.obj (.text:_pconv_g)
                  0001723c    000001b6                                   : fd_add_t2.asm.obj (.text)
                  000173f2    00000002     --HOLE-- [fill = 0]
                  000173f4    00000170                                   : e_asinf.c.obj (.text:asinf)
                  00017564    00000158                                   : e_atan2f.c.obj (.text:atan2f)
                  000176bc    00000158                                   : e_sqrt.c.obj (.text:sqrt)
                  00017814    00000158     vector.obj (.text)
                  0001796c    00000150     rtsv7M4_T_le_v4SPD16_eabi.lib : s_atanf.c.obj (.text:atanf)
                  00017abc    00000150     port.obj (.text)
                  00017c0c    0000013c     rtsv7M4_T_le_v4SPD16_eabi.lib : _printfi.c.obj (.text:_pconv_e)
                  00017d48    00000136                                   : fd_div_t2.asm.obj (.text)
                  00017e7e    0000012a     list.obj (.text)
                  00017fa8    00000124     rtsv7M4_T_le_v4SPD16_eabi.lib : _printfi.c.obj (.text:fcvt)
                  000180cc    00000110                                   : s_scalbn.c.obj (.text:scalbn)
                  000181dc    000000fc                                   : fd_mul_t2.asm.obj (.text)
                  000182d8    000000f0     cpu_usage.obj (.text)
                  000183c8    000000ec     usbtick.obj (.text)
                  000184b4    000000da     portasm.obj (.text)
                  0001858e    00000002     --HOLE-- [fill = 0]
                  00018590    000000d0     rtsv7M4_T_le_v4SPD16_eabi.lib : s_scalbnf.c.obj (.text:scalbnf)
                  00018660    000000c8     usbulpi.obj (.text)
                  00018728    000000b1     rtsv7M4_T_le_v4SPD16_eabi.lib : _printfi.c.obj (.text:_ltostr)
                  000187d9    00000001     --HOLE-- [fill = 0]
                  000187da    0000009c                                   : memcpy_t2.asm.obj (.text)
                  00018876    00000096                                   : ull_div_t2.asm.obj (.text)
                  0001890c    00000086                                   : fd_cmp_t2.asm.obj (.text:__aeabi_cdcmple)
                  00018992    00000086                                   : fd_cmp_t2.asm.obj (.text:__aeabi_cdrcmple)
                  00018a18    0000007a                                   : memset_t2.asm.obj (.text)
                  00018a92    0000006e                                   : _printfi.c.obj (.text:_mcpy)
                  00018b00    0000006e                                   : fd_tos_t2.asm.obj (.text)
                  00018b6e    00000002     --HOLE-- [fill = 0]
                  00018b70    00000068     crc.obj (.text)
                  00018bd8    00000068     RunTimeStatsConfig.obj (.text)
                  00018c40    00000068     rtsv7M4_T_le_v4SPD16_eabi.lib : copy_decompress_lzss.c.obj (.text:decompress:lzss:__TI_decompress_lzss)
                  00018ca8    00000064                                   : s_frexp.c.obj (.text:frexp)
                  00018d0c    00000056                                   : _printfi.c.obj (.text:_pconv_f)
                  00018d62    00000054                                   : _ltoa.c.obj (.text:__TI_ltoa)
                  00018db6    00000052                                   : _printfi.c.obj (.text:_ecpy)
                  00018e08    0000004e     Inicial.obj (.text:I2CMReadModifyWrite16BE)
                  00018e56    00000002     --HOLE-- [fill = 0]
                  00018e58    0000004c     rtsv7M4_T_le_v4SPD16_eabi.lib : atoi.c.obj (.text:atoi)
                  00018ea4    00000048                                   : fd_toi_t2.asm.obj (.text)
                  00018eec    00000044                                   : autoinit.c.obj (.text:__TI_auto_init_nobinit_nopinit:__TI_auto_init_nobinit_nopinit)
                  00018f30    00000040                                   : u_divt2.asm.obj (.text)
                  00018f70    00000040                                   : sprintf.c.obj (.text:sprintf)
                  00018fb0    0000003e                                   : _printfi.c.obj (.text:_fcpy)
                  00018fee    0000003e     cpu.obj (.text)
                  0001902c    00000038     rtsv7M4_T_le_v4SPD16_eabi.lib : fs_tod_t2.asm.obj (.text)
                  00019064    00000036     Inicial.obj (.text:I2CMRead)
                  0001909a    00000036     Inicial.obj (.text:I2CMWrite)
                  000190d0    00000036     Inicial.obj (.text:I2CMWriteBatched)
                  00019106    00000002     --HOLE-- [fill = 0]
                  00019108    00000034     rtsv7M4_T_le_v4SPD16_eabi.lib : boot_cortex_m.c.obj (.text:_c_int00_noargs:_c_int00_noargs)
                  0001913c    00000030     Inicial.obj (.text:__isnanf)
                  0001916c    0000002e     rtsv7M4_T_le_v4SPD16_eabi.lib : i_tofd_t2.asm.obj (.text)
                  0001919a    00000002     --HOLE-- [fill = 0]
                  0001919c    00000028                                   : e_sqrtf.c.obj (.text:sqrtf)
                  000191c4    00000024     RunTimeStatsConfig.obj (.text:GetOverflowCounts)
                  000191e8    00000024     usbdhandler.obj (.text)
                  0001920c    0000001c     rtsv7M4_T_le_v4SPD16_eabi.lib : memccpy.c.obj (.text:memccpy)
                  00019228    0000001a                                   : s_copysign.c.obj (.text:copysign)
                  00019242    00000018                                   : sprintf.c.obj (.text:_outs)
                  0001925a    00000018                                   : s_copysignf.c.obj (.text:copysignf)
                  00019272    00000016                                   : strchr.c.obj (.text:strchr)
                  00019288    00000014                                   : strcpy.c.obj (.text:strcpy)
                  0001929c    00000014                                   : strlen.c.obj (.text:strlen)
                  000192b0    00000012                                   : wcslen.c.obj (.text:wcslen)
                  000192c2    0000000e                                   : copy_decompress_none.c.obj (.text:decompress:none:__TI_decompress_none)
                  000192d0    0000000c                                   : copy_zero_init.c.obj (.text:decompress:ZI:__TI_zero_init)
                  000192dc    0000000c     startup_ccs.obj (.text)
                  000192e8    0000000a     rtsv7M4_T_le_v4SPD16_eabi.lib : sprintf.c.obj (.text:_outc)
                  000192f2    00000002     --HOLE-- [fill = 0]
                  000192f4    00000008                                   : errno.c.obj (.text:__aeabi_errno_addr)
                  000192fc    00000006     sysctl.obj (.text:SysCtlDelay)
                  00019302    00000004     rtsv7M4_T_le_v4SPD16_eabi.lib : pre_init.c.obj (.text:_system_pre_init)
                  00019306    00000004                                   : exit.c.obj (.text:abort:abort)

.const     0    00019310    00000d30     
                  00019310    00000200     crc.obj (.const:crctttab)
                  00019510    000001b0     sysctl.obj (.const:g_pppui32XTALtoVCO)
                  000196c0    00000101     rtsv7M4_T_le_v4SPD16_eabi.lib : ctype.c.obj (.const:.string:_ctypes_)
                  000197c1    00000003     --HOLE-- [fill = 0]
                  000197c4    000000d8     gpio.obj (.const:g_ppui32GPIOIntMapSnowflake)
                  0001989c    000000c0     gpio.obj (.const:g_ppui32GPIOIntMapBlizzard)
                  0001995c    0000009c     interrupt.obj (.const:g_pui32Regs)
                  000199f8    00000098     rtsv7M4_T_le_v4SPD16_eabi.lib : s_atan.c.obj (.const:$O1$$)
                  00019a90    00000090     gpio.obj (.const:g_pui32GPIOBaseAddrs)
                  00019b20    0000006c     sysctl.obj (.const:g_pui32Xtals)
                  00019b8c    00000060     timer.obj (.const:g_ppui32TimerIntMap)
                  00019bec    00000040     timer.obj (.const:g_ppui32TimerIntMapSnowflake)
                  00019c2c    00000040     uart.obj (.const:g_ppui32UARTIntMap)
                  00019c6c    00000040     uart.obj (.const:g_ppui32UARTIntMapSnowflake)
                  00019cac    00000036     usb_serial_structs.obj (.const:.string:g_pui8ConfigString)
                  00019ce2    00000002     --HOLE-- [fill = 0]
                  00019ce4    00000034     rtsv7M4_T_le_v4SPD16_eabi.lib : s_atanf.c.obj (.const:$O1$$)
                  00019d18    00000034     usbdenum.obj (.const:g_psUSBDStdRequests)
                  00019d4c    00000030     usbdcdc.obj (.const:g_sCDCHandlers)
                  00019d7c    00000030     sysctl.obj (.const:g_sXTALtoMEMTIM)
                  00019dac    0000002c     usb_serial_structs.obj (.const:.string:g_pui8ControlInterfaceString)
                  00019dd8    00000024     usb_serial_structs.obj (.const:.string:g_pui8ManufacturerString)
                  00019dfc    00000023     usbdcdc.obj (.const:.string:g_pui8CDCSerCommInterface)
                  00019e1f    00000022     usb_serial_structs.obj (.const:.string:g_pui8ProductString)
                  00019e41    00000003     --HOLE-- [fill = 0]
                  00019e44    00000020     interrupt.obj (.const:g_pui32Priority)
                  00019e64    00000004     usb_serial_structs.obj (.const:.string:g_pui8LangDescriptor)
                  00019e68    00000020     rtsv7M4_T_le_v4SPD16_eabi.lib : e_asinf.c.obj (.const)
                  00019e88    00000018                                   : e_powf.c.obj (.const:$O1$$)
                  00019ea0    00000018     usb_serial_structs.obj (.const:g_ppui8StringDescriptors)
                  00019eb8    00000017     usbdcdc.obj (.const:.string:g_pui8CDCSerDataInterface)
                  00019ecf    00000017     usbdcdc.obj (.const:.string:g_pui8CDCSerDataInterfaceHS)
                  00019ee6    00000002     --HOLE-- [fill = 0]
                  00019ee8    00000014     interrupt.obj (.const:g_pui32Dii16Regs)
                  00019efc    00000014     interrupt.obj (.const:g_pui32EnRegs)
                  00019f10    00000014     interrupt.obj (.const:g_pui32PendRegs)
                  00019f24    00000014     interrupt.obj (.const:g_pui32UnpendRegs)
                  00019f38    00000012     usb_serial_structs.obj (.const:.string:g_pui8SerialNumberString)
                  00019f4a    00000002     --HOLE-- [fill = 0]
                  00019f4c    00000012     uartstdioMod.obj (.const:.string)
                  00019f5e    00000002     --HOLE-- [fill = 0]
                  00019f60    00000010     isl29023.obj (.const:g_fBetaLookup)
                  00019f70    00000010     mpu9150.obj (.const:g_fMPU9150AccelFactors)
                  00019f80    00000010     mpu9150.obj (.const:g_fMPU9150GyroFactors)
                  00019f90    00000010     isl29023.obj (.const:g_fRangeLookup)
                  00019fa0    00000010     isl29023.obj (.const:g_fResolutionLookup)
                  00019fb0    0000000c     uartstdioMod.obj (.const:g_ui32UARTBase)
                  00019fbc    0000000c     uartstdioMod.obj (.const:g_ui32UARTInt)
                  00019fc8    0000000c     uartstdioMod.obj (.const:g_ui32UARTPeriph)
                  00019fd4    00000008     sysctl.obj (.const:g_pui32VCOFrequencies)
                  00019fdc    00000008     usbdcdc.obj (.const:g_sCDCCompSerConfigHeader)
                  00019fe4    00000008     usbdcdc.obj (.const:g_sCDCCompSerConfigHeaderHS)
                  00019fec    00000008     usbdcdc.obj (.const:g_sCDCSerCommInterfaceSection)
                  00019ff4    00000008     usbdcdc.obj (.const:g_sCDCSerConfigHeader)
                  00019ffc    00000008     usbdcdc.obj (.const:g_sCDCSerConfigHeaderHS)
                  0001a004    00000008     usbdcdc.obj (.const:g_sCDCSerConfigSection)
                  0001a00c    00000008     usbdcdc.obj (.const:g_sCDCSerDataInterfaceSection)
                  0001a014    00000008     usbdcdc.obj (.const:g_sCDCSerDataInterfaceSectionHS)
                  0001a01c    00000008     usbdcdc.obj (.const:g_sIADSerConfigSection)
                  0001a024    00000004     usbdcdc.obj (.const:g_pCDCCompSerConfigDescriptors)
                  0001a028    00000004     usbdcdc.obj (.const:g_pCDCCompSerConfigDescriptorsHS)
                  0001a02c    00000004     usbdcdc.obj (.const:g_ppCDCSerConfigDescriptors)
                  0001a030    00000004     usbdcdc.obj (.const:g_ppCDCSerConfigDescriptorsHS)
                  0001a034    00000004     port.obj (.const)
                  0001a038    00000004     tasks.obj (.const)
                  0001a03c    00000004     uartstdioMod.obj (.const)

.cinit     0    0001a040    00000128     
                  0001a040    000000ee     (.cinit..data.load) [load image, compression = lzss]
                  0001a12e    00000002     --HOLE-- [fill = 0]
                  0001a130    0000000c     (__TI_handler_table)
                  0001a13c    00000004     --HOLE-- [fill = 0]
                  0001a140    00000008     (.cinit..bss.load) [load image, compression = zero_init]
                  0001a148    00000008     (.cinit..vtable.load) [load image, compression = zero_init]
                  0001a150    00000018     (__TI_cinit_table)

.init_array 
*          0    00000000    00000000     UNINITIALIZED

.vtable    0    20000000    0000026c     UNINITIALIZED
                  20000000    0000026c     interrupt.obj (.vtable)

.bss       0    2000026c    0000636d     UNINITIALIZED
                  2000026c    00005000     heap_4.obj (.bss:ucHeap)
                  2000526c    000006cc     usbhostenum.obj (.bss:g_sUSBHCD)
                  20005938    00000200     uartstdioMod.obj (.bss:g_pcUARTRxHistoryBuffer)
                  20005b38    00000140     tasks.obj (.bss:pxReadyTasksLists)
                  20005c78    00000124     (.common:g_sI2CInst)
                  20005d9c    00000110     usbdma.obj (.bss:g_psUSBDMAInst)
                  20005eac    00000100     (.common:g_pui8USBRxBuffer)
                  20005fac    00000100     (.common:g_pui8USBTxBuffer)
                  200060ac    0000009c     usbhhub.obj (.bss:g_sRootHub)
                  20006148    0000006c     (.common:g_sMPU9150Inst)
                  200061b4    00000058     (.common:g_sCompDCMInst)
                  2000620c    00000050     (.common:g_psDCDInst)
                  2000625c    00000050     (.common:xQueueRegistry)
                  200062ac    00000044     (.common:g_sBMP180Inst)
                  200062f0    00000040     usbdenum.obj (.bss:g_pui8DataBufferIn)
                  20006330    00000030     (.common:g_sTMP006Inst)
                  20006360    0000002c     (.common:g_sISL29023Inst)
                  2000638c    0000002c     (.common:g_sSHT21Inst)
                  200063b8    00000020     uartstdioMod.obj (.bss:g_usUARTRxHistoryOffset)
                  200063d8    00000018     usbhostenum.obj (.bss:g_pi32USBHActiveDriver)
                  200063f0    00000018     usbhostenum.obj (.bss:g_ppvDriverInstance)
                  20006408    00000018     (.common:g_pfnTickHandlers)
                  20006420    00000018     (.common:g_pvTickInstance)
                  20006438    00000014     timers.obj (.bss:xActiveTimerList1)
                  2000644c    00000014     timers.obj (.bss:xActiveTimerList2)
                  20006460    00000014     tasks.obj (.bss:xDelayedTaskList1)
                  20006474    00000014     tasks.obj (.bss:xDelayedTaskList2)
                  20006488    00000014     tasks.obj (.bss:xPendingReadyList)
                  2000649c    00000014     tasks.obj (.bss:xSuspendedTaskList)
                  200064b0    00000014     tasks.obj (.bss:xTasksWaitingTermination)
                  200064c4    00000010     uartstdioMod.obj (.bss)
                  200064d4    0000000c     cpu_usage.obj (.bss)
                  200064e0    00000008     usbhostenum.obj (.bss:g_pui32Alloc)
                  200064e8    00000008     tasks.obj (.bss)
                  200064f0    00000008     timers.obj (.bss)
                  200064f8    00000008     usb_dev_serial.obj (.bss)
                  20006500    00000008     usbhhub.obj (.bss)
                  20006508    00000008     heap_4.obj (.bss:xStart)
                  20006510    00000004     usbdenum.obj (.bss)
                  20006514    00000004     usbhostenum.obj (.bss)
                  20006518    00000004     usbmode.obj (.bss)
                  2000651c    00000004     (.common:colaDeclinacion)
                  20006520    00000004     (.common:colaHumMR)
                  20006524    00000004     (.common:colaMovimientoDLPF)
                  20006528    00000004     (.common:colaMovimientoGIRO)
                  2000652c    00000004     (.common:colaPresionMar)
                  20006530    00000004     (.common:colaPresionMuestreo)
                  20006534    00000004     (.common:colaRangoLuz)
                  20006538    00000004     (.common:colaResolLuz)
                  2000653c    00000004     (.common:colaTempADC)
                  20006540    00000004     (.common:g_ppsDevInfo)
                  20006544    00000004     (.common:g_ui32CPUUsage)
                  20006548    00000004     (.common:g_ui32PollRate)
                  2000654c    00000004     (.common:g_ui32PrintSkipCounter)
                  20006550    00000004     (.common:g_ui32SystemClock)
                  20006554    00000004     (.common:g_vui8DataFlag_BMP180)
                  20006558    00000004     (.common:g_vui8DataFlag_ISL29023)
                  2000655c    00000004     (.common:g_vui8DataFlag_SHT21)
                  20006560    00000004     (.common:g_vui8DataFlag_TMP006)
                  20006564    00000004     (.common:g_vui8ErrorFlag_BMP180)
                  20006568    00000004     (.common:g_vui8ErrorFlag_ISL29023)
                  2000656c    00000004     (.common:g_vui8ErrorFlag_MPU9150)
                  20006570    00000004     (.common:g_vui8ErrorFlag_SHT21)
                  20006574    00000004     (.common:g_vui8ErrorFlag_TMP006)
                  20006578    00000004     (.common:g_vui8I2CDataFlag_MPU9150)
                  2000657c    00000004     (.common:grupo_colasHumedad)
                  20006580    00000004     (.common:grupo_colasLuz)
                  20006584    00000004     (.common:grupo_colasMovimiento)
                  20006588    00000004     (.common:grupo_colasPresion)
                  2000658c    00000004     (.common:grupo_colasTemperatura)
                  20006590    00000004     (.common:pfAccelX)
                  20006594    00000004     (.common:pfAccelY)
                  20006598    00000004     (.common:pfAccelZ)
                  2000659c    00000004     (.common:pfGyroX)
                  200065a0    00000004     (.common:pfGyroY)
                  200065a4    00000004     (.common:pfGyroZ)
                  200065a8    00000004     (.common:pfMagX)
                  200065ac    00000004     (.common:pfMagY)
                  200065b0    00000004     (.common:pfMagZ)
                  200065b4    00000004     (.common:pfPitch)
                  200065b8    00000004     (.common:pfRoll)
                  200065bc    00000004     (.common:pfYaw)
                  200065c0    00000004     (.common:semaforoHumedad)
                  200065c4    00000004     (.common:semaforoLuz)
                  200065c8    00000004     (.common:semaforoMovimiento)
                  200065cc    00000004     (.common:semaforoPresion)
                  200065d0    00000004     (.common:semaforoTemperatura)
                  200065d4    00000004     (.common:xTimer)
                  200065d8    00000001     (.common:g_eOTGModeState)

.data      0    20006de0    0000023c     UNINITIALIZED
                  20006de0    00000060     usb_serial_structs.obj (.data:g_sCDCDevice)
                  20006e40    0000003c     tasks.obj (.data)
                  20006e7c    00000038     usb_serial_structs.obj (.data:g_sRxBuffer)
                  20006eb4    00000038     usb_serial_structs.obj (.data:g_sTxBuffer)
                  20006eec    00000018     cpu_usage.obj (.data:g_pui32CPUUsageTimerBase)
                  20006f04    00000018     cpu_usage.obj (.data:g_pui32CPUUsageTimerPeriph)
                  20006f1c    00000018     usbhostenum.obj (.data:g_sUSBHEP0State)
                  20006f34    00000018     heap_4.obj (.data)
                  20006f4c    00000014     usbhostenum.obj (.data)
                  20006f60    00000012     usbdcdc.obj (.data:g_pui8CDCSerDeviceDescriptor)
                  20006f72    00000002     usbdcdc.obj (.data)
                  20006f74    00000010     usbdcdc.obj (.data:g_psCDCCompSerSections)
                  20006f84    00000010     usbdcdc.obj (.data:g_psCDCCompSerSectionsHS)
                  20006f94    0000000c     usbdcdc.obj (.data:g_psCDCSerSections)
                  20006fa0    0000000c     usbdcdc.obj (.data:g_psCDCSerSectionsHS)
                  20006fac    0000000c     timers.obj (.data)
                  20006fb8    0000000c     uartstdioMod.obj (.data)
                  20006fc4    0000000c     usbtick.obj (.data)
                  20006fd0    00000009     Inicial.obj (.data)
                  20006fd9    00000009     usbdcdc.obj (.data:g_pui8CDCSerDescriptor)
                  20006fe2    00000002     --HOLE--
                  20006fe4    00000009     usb_dev_serial.obj (.data)
                  20006fed    00000003     --HOLE--
                  20006ff0    00000009     usbmode.obj (.data)
                  20006ff9    00000008     usbdcdc.obj (.data:g_pui8IADSerDescriptor)
                  20007001    00000003     --HOLE--
                  20007004    00000008     usbdenum.obj (.data)
                  2000700c    00000007     usb_dev_serial.obj (.data:ConfigLinea)
                  20007013    00000001     --HOLE--
                  20007014    00000004     port.obj (.data)
                  20007018    00000004     rtsv7M4_T_le_v4SPD16_eabi.lib : errno.c.obj (.data)

.stack     0    200065e0    00000800     UNINITIALIZED
                  200065e0    00000004     rtsv7M4_T_le_v4SPD16_eabi.lib : boot_cortex_m.c.obj (.stack)
                  200065e4    000007fc     --HOLE--

__llvm_prf_cnts 
*          0    20000000    00000000     UNINITIALIZED

MODULE SUMMARY

       Module                       code     ro data   rw data
       ------                       ----     -------   -------
    ./
       Inicial.obj                  7440     0         881    
       usb_serial_structs.obj       0        214       720    
       usb_dev_serial.obj           884      0         24     
       serial2USBprotocol.obj       904      0         0      
       startup_ccs.obj              12       620       0      
       crc.obj                      104      512       0      
    +--+----------------------------+--------+---------+---------+
       Total:                       9344     1346      1625   
                                                              
    ./FreeRTOS/Source/
       tasks.obj                    7464     4         488    
       queue.obj                    3672     0         80     
       timers.obj                   1776     0         60     
       list.obj                     298      0         0      
    +--+----------------------------+--------+---------+---------+
       Total:                       13210    4         628    
                                                              
    ./FreeRTOS/Source/portable/CCS/ARM_CM4F/
       port.obj                     336      4         4      
       portasm.obj                  218      0         0      
    +--+----------------------------+--------+---------+---------+
       Total:                       554      4         4      
                                                              
    ./FreeRTOS/Source/portable/MemMang/
       heap_4.obj                   936      0         20512  
    +--+----------------------------+--------+---------+---------+
       Total:                       936      0         20512  
                                                              
    ./driverlib/
       usb.obj                      5562     0         0      
       sysctl.obj                   3974     596       0      
       gpio.obj                     3092     552       0      
       interrupt.obj                960      268       620    
       timer.obj                    1602     160       0      
       uart.obj                     1582     128       0      
       cpu.obj                      62       0         0      
    +--+----------------------------+--------+---------+---------+
       Total:                       16834    1704      620    
                                                              
    ./sensorlib/
       i2cm_drv.obj                 3288     0         0      
       bmp180.obj                   2484     0         0      
       mpu9150.obj                  2396     32        0      
       comp_dcm.obj                 2220     0         0      
       tmp006.obj                   1296     0         0      
       isl29023.obj                 948      48        0      
       sht21.obj                    876      0         0      
       vector.obj                   344      0         0      
    +--+----------------------------+--------+---------+---------+
       Total:                       13852    80        0      
                                                              
    ./usblib/
       usbdma.obj                   3872     0         272    
       usbmode.obj                  1280     0         18     
       usbbuffer.obj                1198     0         0      
       usbringbuf.obj               756      0         0      
       usbdesc.obj                  466      0         0      
       usbtick.obj                  236      0         60     
       usbulpi.obj                  200      0         0      
    +--+----------------------------+--------+---------+---------+
       Total:                       8008     0         350    
                                                              
    ./usblib/device/
       usbdenum.obj                 4940     52        160    
       usbdcdc.obj                  3656     217       93     
       usbdconfig.obj               904      0         0      
       usbdcdesc.obj                734      0         0      
       usbdhandler.obj              36       0         0      
    +--+----------------------------+--------+---------+---------+
       Total:                       10270    269       253    
                                                              
    ./usblib/host/
       usbhostenum.obj              11836    0         1844   
       usbhhub.obj                  2340     0         164    
    +--+----------------------------+--------+---------+---------+
       Total:                       14176    0         2008   
                                                              
    ./utils/
       uartstdioMod.obj             2736     58        572    
       cpu_usage.obj                240      0         60     
       RunTimeStatsConfig.obj       140      0         0      
    +--+----------------------------+--------+---------+---------+
       Total:                       3116     58        632    
                                                              
    /opt/ti/ccs1020/ccs/tools/compiler/ti-cgt-arm_20.2.2.LTS/lib/rtsv7M4_T_le_v4SPD16_eabi.lib
       _printfi.c.obj               4851     0         0      
       e_powf.c.obj                 1420     24        0      
       s_atan.c.obj                 748      152       0      
       e_atan2.c.obj                472      0         0      
       fd_add_t2.asm.obj            438      0         0      
       e_asinf.c.obj                368      32        0      
       s_atanf.c.obj                336      52        0      
       e_atan2f.c.obj               344      0         0      
       e_sqrt.c.obj                 344      0         0      
       fd_div_t2.asm.obj            310      0         0      
       s_scalbn.c.obj               272      0         0      
       fd_cmp_t2.asm.obj            268      0         0      
       ctype.c.obj                  0        257       0      
       fd_mul_t2.asm.obj            252      0         0      
       s_scalbnf.c.obj              208      0         0      
       memcpy_t2.asm.obj            156      0         0      
       ull_div_t2.asm.obj           150      0         0      
       memset_t2.asm.obj            122      0         0      
       fd_tos_t2.asm.obj            110      0         0      
       copy_decompress_lzss.c.obj   104      0         0      
       s_frexp.c.obj                100      0         0      
       sprintf.c.obj                98       0         0      
       _ltoa.c.obj                  84       0         0      
       atoi.c.obj                   76       0         0      
       fd_toi_t2.asm.obj            72       0         0      
       autoinit.c.obj               68       0         0      
       u_divt2.asm.obj              64       0         0      
       fs_tod_t2.asm.obj            56       0         0      
       boot_cortex_m.c.obj          52       0         0      
       i_tofd_t2.asm.obj            46       0         0      
       e_sqrtf.c.obj                40       0         0      
       memccpy.c.obj                28       0         0      
       s_copysign.c.obj             26       0         0      
       s_copysignf.c.obj            24       0         0      
       strchr.c.obj                 22       0         0      
       strcpy.c.obj                 20       0         0      
       strlen.c.obj                 20       0         0      
       wcslen.c.obj                 18       0         0      
       copy_decompress_none.c.obj   14       0         0      
       copy_zero_init.c.obj         12       0         0      
       errno.c.obj                  8        0         4      
       exit.c.obj                   4        0         0      
       pre_init.c.obj               4        0         0      
       div0.asm.obj                 2        0         0      
    +--+----------------------------+--------+---------+---------+
       Total:                       12231    517       4      
                                                              
       Stack:                       0        0         2048   
       Linker Generated:            0        290       0      
    +--+----------------------------+--------+---------+---------+
       Grand Total:                 102531   4272      28684  


LINKER GENERATED COPY TABLES

__TI_cinit_table @ 0001a150 records: 3, size/record: 8, table size: 24
	.data: load addr=0001a040, load size=000000ee bytes, run addr=20006de0, run size=0000023c bytes, compression=lzss
	.bss: load addr=0001a140, load size=00000008 bytes, run addr=2000026c, run size=0000636d bytes, compression=zero_init
	.vtable: load addr=0001a148, load size=00000008 bytes, run addr=20000000, run size=0000026c bytes, compression=zero_init


LINKER GENERATED HANDLER TABLE

__TI_handler_table @ 0001a130 records: 3, size/record: 4, table size: 12
	index: 0, handler: __TI_zero_init
	index: 1, handler: __TI_decompress_lzss
	index: 2, handler: __TI_decompress_none


GLOBAL SYMBOLS: SORTED ALPHABETICALLY BY Name 

address   name                                 
-------   ----                                 
00004eed  BMP180AppCallback                    
00004f09  BMP180AppErrorHandler                
00004f2d  BMP180AppI2CWait                     
000101b3  BMP180DataPressureGetFloat           
00010189  BMP180DataPressureGetRaw             
0001011d  BMP180DataRead                       
000104cb  BMP180DataTemperatureGetFloat        
000104af  BMP180DataTemperatureGetRaw          
0000ff6b  BMP180Init                           
0000ffd9  BMP180Read                           
000100bf  BMP180ReadModifyWrite                
00010041  BMP180Write                          
00019307  C$$EXIT                              
00018317  CPUUsageInit                         
000182d9  CPUUsageTick                         
00019023  CPUbasepriGet                        
00019015  CPUbasepriSet                        
00018fef  CPUcpsid                             
00019005  CPUcpsie                             
00018ffb  CPUprimask                           
00019011  CPUwfi                               
0001189d  CompDCMAccelUpdate                   
00011d1b  CompDCMComputeEulers                 
00011d8d  CompDCMComputeQuaternion             
000118c5  CompDCMGyroUpdate                    
00011829  CompDCMInit                          
000118ed  CompDCMMagnetoUpdate                 
00011cc7  CompDCMMatrixGet                     
00011915  CompDCMStart                         
000119e9  CompDCMUpdate                        
0000026d  ConfigDescAlloc                      
00000303  ConfigDescFree                       
00004fc3  ConfigureUART                        
0000e6a5  GPIOADCTriggerDisable                
0000e687  GPIOADCTriggerEnable                 
0000e669  GPIODMATriggerDisable                
0000e64b  GPIODMATriggerEnable                 
0000db9b  GPIODirModeGet                       
0000db3f  GPIODirModeSet                       
0000e155  GPIOIntClear                         
0000e119  GPIOIntDisable                       
0000e0f5  GPIOIntEnable                        
0000e169  GPIOIntRegister                      
0000e1a1  GPIOIntRegisterPin                   
0000e133  GPIOIntStatus                        
0000dc8b  GPIOIntTypeGet                       
0000dbe7  GPIOIntTypeSet                       
0000e187  GPIOIntUnregister                    
0000e1cf  GPIOIntUnregisterPin                 
0000df83  GPIOPadConfigGet                     
0000dd15  GPIOPadConfigSet                     
0000e5ed  GPIOPinConfigure                     
0000e1f3  GPIOPinRead                          
0000e22b  GPIOPinTypeADC                       
0000e24f  GPIOPinTypeCAN                       
0000e273  GPIOPinTypeComparator                
0000e297  GPIOPinTypeComparatorOutput          
0000e2bb  GPIOPinTypeDIVSCLK                   
0000e2df  GPIOPinTypeEPI                       
0000e303  GPIOPinTypeEthernetLED               
0000e327  GPIOPinTypeEthernetMII               
0000e34b  GPIOPinTypeGPIOInput                 
0000e36f  GPIOPinTypeGPIOOutput                
0000e399  GPIOPinTypeGPIOOutputOD              
0000e3bd  GPIOPinTypeHibernateRTCCLK           
0000e3e1  GPIOPinTypeI2C                       
0000e405  GPIOPinTypeI2CSCL                    
0000e429  GPIOPinTypeLCD                       
0000e44d  GPIOPinTypeOneWire                   
0000e471  GPIOPinTypePWM                       
0000e495  GPIOPinTypeQEI                       
0000e4b9  GPIOPinTypeSSI                       
0000e4dd  GPIOPinTypeTimer                     
0000e501  GPIOPinTypeTrace                     
0000e525  GPIOPinTypeUART                      
0000e549  GPIOPinTypeUSBAnalog                 
0000e56d  GPIOPinTypeUSBDigital                
0000e591  GPIOPinTypeWakeHigh                  
0000e5b7  GPIOPinTypeWakeLow                   
0000e5dd  GPIOPinWakeStatus                    
0000e20b  GPIOPinWrite                         
0000e6c3  GPIOUnlockPin                        
000191c5  GetOverflowCounts                    
00006935  I2CIntHandler                        
0000d4bf  I2CMCommand                          
0000d457  I2CMInit                             
0000d32b  I2CMIntHandler                       
00019065  I2CMRead                             
0000d9a5  I2CMRead16BE                         
00018e09  I2CMReadModifyWrite16BE              
0000d7c9  I2CMReadModifyWrite16LE              
0000d679  I2CMReadModifyWrite8                 
0000d5a3  I2CMTransferResume                   
0001909b  I2CMWrite                            
0000da6b  I2CMWrite16BE                        
0000d8d9  I2CMWrite8                           
000190d1  I2CMWriteBatched                     
00004f61  ISL29023AppCallback                  
00004f7d  ISL29023AppErrorHandler              
00004f99  ISL29023AppI2CWait                   
00014fb9  ISL29023DataLightIRGetFloat          
00014f97  ISL29023DataLightIRGetRaw            
00014f47  ISL29023DataLightVisibleGetFloat     
00014f2b  ISL29023DataLightVisibleGetRaw       
00014ec7  ISL29023DataRead                     
00014ced  ISL29023Init                         
00014d6b  ISL29023Read                         
00014e61  ISL29023ReadModifyWrite              
00014dd1  ISL29023Write                        
00014a45  IntDisable                           
000149d3  IntEnable                            
00006901  IntGPIOb                             
00006949  IntGPIOe                             
00014ab7  IntIsEnabled                         
00014897  IntMasterDisable                     
00014887  IntMasterEnable                      
00014bad  IntPendClear                         
00014b3d  IntPendSet                           
000149af  IntPriorityGet                       
00014927  IntPriorityGroupingGet               
0001490d  IntPriorityGroupingSet               
00014c07  IntPriorityMaskGet                   
00014bfb  IntPriorityMaskSet                   
0001495f  IntPrioritySet                       
000148a7  IntRegister                          
00014c0f  IntTrigger                           
000148f9  IntUnregister                        
00002469  InternalUSBHCDSendEvent              
0001840f  InternalUSBRegisterTickHandler       
0001845f  InternalUSBStartOfFrameTick          
000183c9  InternalUSBTickInit                  
00018407  InternalUSBTickReset                 
0000505d  MPU9150AppCallback                   
0000507d  MPU9150AppErrorHandler               
000050f9  MPU9150AppI2CWait                    
00010bf1  MPU9150DataAccelGetFloat             
00010b99  MPU9150DataAccelGetRaw               
00010ceb  MPU9150DataGyroGetFloat              
00010c93  MPU9150DataGyroGetRaw                
00010e45  MPU9150DataMagnetoGetFloat           
00010ded  MPU9150DataMagnetoGetRaw             
00010b25  MPU9150DataRead                      
000108d5  MPU9150Init                          
00010967  MPU9150MagnetoInstGet                
00010975  MPU9150Read                          
00010abf  MPU9150ReadModifyWrite               
000109e5  MPU9150Write                         
000142b7  OTGDeviceDisconnect                  
0000c209  ProcessDataFromHost                  
0000c319  ProcessDataToHost                    
0000c2b7  ProcessNotificationToHost            
000192dd  ResetISR                             
00004e79  SHT21AppCallback                     
00004e95  SHT21AppErrorHandler                 
00004eb9  SHT21AppI2CWait                      
000160f1  SHT21DataHumidityGetFloat            
000160cf  SHT21DataHumidityGetRaw              
00015ff9  SHT21DataRead                        
00016071  SHT21DataTemperatureGetFloat         
00016055  SHT21DataTemperatureGetRaw           
00015e79  SHT21Init                            
00015ed7  SHT21Read                            
00015f9b  SHT21ReadModifyWrite                 
00015f3d  SHT21Write                           
0000a205  SysCtlAltClkConfig                   
0000992d  SysCtlClockFreqSet                   
00009df5  SysCtlClockGet                       
0000a1e9  SysCtlClockOutConfig                 
00009c25  SysCtlClockSet                       
00009831  SysCtlDeepSleep                      
00009fb9  SysCtlDeepSleepClockConfigSet        
00009f9b  SysCtlDeepSleepClockSet              
00009811  SysCtlDeepSleepPowerSet              
000192fd  SysCtlDelay                          
000093bf  SysCtlFlashSectorSizeGet             
00009393  SysCtlFlashSizeGet                   
0000a08f  SysCtlGPIOAHBDisable                 
0000a073  SysCtlGPIOAHBEnable                  
000097a5  SysCtlIntClear                       
0000978d  SysCtlIntDisable                     
00009779  SysCtlIntEnable                      
00009751  SysCtlIntRegister                    
000097b5  SysCtlIntStatus                      
00009769  SysCtlIntUnregister                  
000097f7  SysCtlLDODeepSleepGet                
000097e7  SysCtlLDODeepSleepSet                
000097e1  SysCtlLDOSleepGet                    
000097d1  SysCtlLDOSleepSet                    
00009867  SysCtlMOSCConfigSet                  
0000a1cd  SysCtlNMIClear                       
0000a1b9  SysCtlNMIStatus                      
0000987d  SysCtlPIOSCCalibrate                 
0000a05d  SysCtlPWMClockGet                    
0000a043  SysCtlPWMClockSet                    
000096fd  SysCtlPeripheralClockGating          
000096b5  SysCtlPeripheralDeepSleepDisable     
00009665  SysCtlPeripheralDeepSleepEnable      
000095a1  SysCtlPeripheralDisable              
00009565  SysCtlPeripheralEnable               
000094a1  SysCtlPeripheralPowerOff             
00009465  SysCtlPeripheralPowerOn              
000093e5  SysCtlPeripheralPresent              
00009425  SysCtlPeripheralReady                
000094dd  SysCtlPeripheralReset                
00009629  SysCtlPeripheralSleepDisable         
000095e5  SysCtlPeripheralSleepEnable          
00009821  SysCtlReset                          
000098dd  SysCtlResetBehaviorGet               
000098cd  SysCtlResetBehaviorSet               
00009853  SysCtlResetCauseClear                
0000984d  SysCtlResetCauseGet                  
00009389  SysCtlSRAMSizeGet                    
00009829  SysCtlSleep                          
000097fd  SysCtlSleepPowerSet                  
0000a0b7  SysCtlUSBPLLDisable                  
0000a0ab  SysCtlUSBPLLEnable                   
0000a0fd  SysCtlVCOGet                         
0000a0e5  SysCtlVoltageEventClear              
0000a0c9  SysCtlVoltageEventConfig             
0000a0d9  SysCtlVoltageEventStatus             
00004e05  TMP006AppCallback                    
00004e21  TMP006AppErrorHandler                
00004e45  TMP006AppI2CWait                     
00013bdf  TMP006DataRead                       
00013c79  TMP006DataTemperatureGetFloat        
00013c43  TMP006DataTemperatureGetRaw          
00013a55  TMP006Init                           
00013ac5  TMP006Read                           
00013b81  TMP006ReadModifyWrite                
00013b23  TMP006Write                          
00012d85  TimerADCEventGet                     
00012d73  TimerADCEventSet                     
00012aa9  TimerClockSourceGet                  
00012a7f  TimerClockSourceSet                  
00012873  TimerConfigure                       
00012993  TimerControlEvent                    
000128ef  TimerControlLevel                    
000129bd  TimerControlStall                    
00012925  TimerControlTrigger                  
000129f3  TimerControlWaitOnTrigger            
00012da5  TimerDMAEventGet                     
00012d93  TimerDMAEventSet                     
00012855  TimerDisable                         
00012837  TimerEnable                          
00012d4f  TimerIntClear                        
00012d19  TimerIntDisable                      
00012d01  TimerIntEnable                       
00012cbb  TimerIntRegister                     
00012d31  TimerIntStatus                       
00012ce3  TimerIntUnregister                   
00012b73  TimerLoadGet                         
00012ba9  TimerLoadGet64                       
00012b49  TimerLoadSet                         
00012b8f  TimerLoadSet64                       
00012c53  TimerMatchGet                        
00012c89  TimerMatchGet64                      
00012c29  TimerMatchSet                        
00012c6f  TimerMatchSet64                      
00012ae3  TimerPrescaleGet                     
00012b2d  TimerPrescaleMatchGet                
00012aff  TimerPrescaleMatchSet                
00012ab9  TimerPrescaleSet                     
00012a69  TimerRTCDisable                      
00012a53  TimerRTCEnable                       
00012d61  TimerSynchronize                     
00012db3  TimerUpdateMode                      
00012bdb  TimerValueGet                        
00012bf7  TimerValueGet64                      
000133d9  UART9BitAddrSend                     
000133b3  UART9BitAddrSet                      
0001339d  UART9BitDisable                      
00013387  UART9BitEnable                       
0001322b  UARTBreakCtl                         
00013255  UARTBusy                             
000131d3  UARTCharGet                          
000131b7  UARTCharGetNonBlocking               
0001320d  UARTCharPut                          
000131e9  UARTCharPutNonBlocking               
0001317b  UARTCharsAvail                       
00013377  UARTClockSourceGet                   
00013363  UARTClockSourceSet                   
00012f4b  UARTConfigGetExpClk                  
00012ed5  UARTConfigSetExpClk                  
00013329  UARTDMADisable                       
00013311  UARTDMAEnable                        
00012fbb  UARTDisable                          
0001303f  UARTDisableSIR                       
0000f073  UARTEchoSet                          
00012f97  UARTEnable                           
00013011  UARTEnableSIR                        
00012ffb  UARTFIFODisable                      
00012fe5  UARTFIFOEnable                       
00012ead  UARTFIFOLevelGet                     
00012e95  UARTFIFOLevelSet                     
0001313b  UARTFlowControlGet                   
0001311f  UARTFlowControlSet                   
0000f03f  UARTFlushRx                          
0000f04d  UARTFlushTx                          
000132ff  UARTIntClear                         
000132c9  UARTIntDisable                       
000132b1  UARTIntEnable                        
00013273  UARTIntRegister                      
000132e1  UARTIntStatus                        
00013291  UARTIntUnregister                    
00013421  UARTLoopbackEnable                   
000130d5  UARTModemControlClear                
000130f9  UARTModemControlGet                  
0001309d  UARTModemControlSet                  
0001310b  UARTModemStatusGet                   
00012e83  UARTParityModeGet                    
00012e67  UARTParityModeSet                    
0000f027  UARTRxBytesAvail                     
00013353  UARTRxErrorClear                     
00013341  UARTRxErrorGet                       
00013087  UARTSmartCardDisable                 
00013055  UARTSmartCardEnable                  
00013199  UARTSpaceAvail                       
0000e74f  UARTStdioConfig                      
0000f09b  UARTStdioIntHandler                  
0000f033  UARTTxBytesFree                      
00013169  UARTTxIntModeGet                     
0001314d  UARTTxIntModeSet                     
0000ece1  UARTgetc                             
0000e8c9  UARTgets                             
0000f003  UARTprintf                           
0000ed09  UARTvprintf                          
0000e835  UARTwrite                            
00018661  ULPIConfigSet                        
00018703  ULPIPowerTransceiver                 
000191e9  USB0DeviceIntHandler                 
00013f91  USB0DualModeIntHandler               
00002373  USB0HostIntHandler                   
000141d1  USB0OTGModeIntHandler                
00014737  USBBufferCallbackDataSet             
000147e5  USBBufferDataAvailable               
0001471d  USBBufferDataRemoved                 
000146fd  USBBufferDataWritten                 
00014809  USBBufferEventCallback               
00014795  USBBufferFlush                       
000146d1  USBBufferInfoGet                     
00014683  USBBufferInit                        
000147a7  USBBufferRead                        
000147f7  USBBufferSpaceAvailable              
00014751  USBBufferWrite                       
000146a1  USBBufferZeroLengthPacketInsert      
00007bb7  USBClockDisable                      
00007b9b  USBClockEnable                       
00015af5  USBControlHandler                    
00007b87  USBControllerVersion                 
0000c989  USBDCDCCompositeInit                 
0000cabb  USBDCDCInit                          
0000cc4d  USBDCDCPacketRead                    
0000cb9b  USBDCDCPacketWrite                   
0000cde1  USBDCDCPowerStatusSet                
0000cdf5  USBDCDCRemoteWakeupRequest           
0000cd4d  USBDCDCRxPacketAvailable             
0000cda9  USBDCDCSerialStateChange             
0000cb41  USBDCDCSetControlCBData              
0000cb5f  USBDCDCSetRxCBData                   
0000cb7d  USBDCDCSetTxCBData                   
0000cb29  USBDCDCTerm                          
0000cd23  USBDCDCTxPacketAvailable             
000168c9  USBDCDConfigDescGet                  
0001687b  USBDCDConfigDescGetNum               
00016843  USBDCDConfigDescGetSize              
000169ab  USBDCDConfigGetInterface             
000169e1  USBDCDConfigGetInterfaceEndpoint     
00016957  USBDCDConfigGetNumAlternateInterfaces
00007f7d  USBDCDDeviceInfoInit                 
000083b5  USBDCDFeatureGet                     
000082f9  USBDCDFeatureSet                     
00007fcd  USBDCDInit                           
00008289  USBDCDPowerStatusSet                 
000083ed  USBDCDRemoteWakeLPM                  
00008407  USBDCDRemoteWakeupRequest            
00008203  USBDCDRequestDataEP0                 
00008229  USBDCDSendDataEP0                    
0000824b  USBDCDSetDefaultConfiguration        
0000825d  USBDCDStallEP0                       
0000818b  USBDCDTerm                           
00007cef  USBDMAChannelAddressGet              
00007cd3  USBDMAChannelAddressSet              
00007c59  USBDMAChannelConfigSet               
00007d23  USBDMAChannelCountGet                
00007d07  USBDMAChannelCountSet                
00007c39  USBDMAChannelDisable                 
00007c19  USBDMAChannelEnable                  
00007be9  USBDMAChannelIntDisable              
00007bc9  USBDMAChannelIntEnable               
00007c09  USBDMAChannelIntStatus               
00007c89  USBDMAChannelStatus                  
00007ca9  USBDMAChannelStatusClear             
00007d3b  USBDMANumChannels                    
00016ef5  USBDescGet                           
00017019  USBDescGetInterface                  
00017047  USBDescGetInterfaceEndpoint          
00016e99  USBDescGetNum                        
00016f5f  USBDescGetNumAlternateInterfaces     
00006ff5  USBDevAddrGet                        
00006fe1  USBDevAddrSet                        
00006fb5  USBDevConnect                        
00006fcb  USBDevDisconnect                     
0000732b  USBDevEndpointConfigGet              
00007239  USBDevEndpointConfigSet              
000076b5  USBDevEndpointDataAck                
00006ee1  USBDevEndpointStall                  
00006f41  USBDevEndpointStallClear             
00006d55  USBDevEndpointStatusClear            
00007ea7  USBDevLPMConfig                      
00007ed5  USBDevLPMDisable                     
00007ebd  USBDevLPMEnable                      
00007e8f  USBDevLPMRemoteWake                  
00007aef  USBDevMode                           
00006b1b  USBDevSpeedGet                       
000157ef  USBDeviceConfig                      
000159e5  USBDeviceConfigAlternate             
0000853d  USBDeviceEnumHandler                 
0000868d  USBDeviceEnumResetHandler            
000090d9  USBDeviceIntHandlerInternal          
00008441  USBDeviceResumeTickHandler           
00013fdd  USBDualModeInit                      
0001404d  USBDualModeTerm                      
00007aa1  USBEndpointDMAChannel                
000074e7  USBEndpointDMAConfigSet              
000075b9  USBEndpointDMADisable                
0000757f  USBEndpointDMAEnable                 
000075f3  USBEndpointDataAvail                 
0000762b  USBEndpointDataGet                   
00007725  USBEndpointDataPut                   
00007789  USBEndpointDataSend                  
00006e75  USBEndpointDataToggleClear           
00007b53  USBEndpointPacketCountSet            
00006ce1  USBEndpointStatus                    
00007a77  USBFIFOAddrGet                       
00007481  USBFIFOConfigGet                     
0000741b  USBFIFOConfigSet                     
000077e1  USBFIFOFlush                         
00007a3b  USBFrameNumberGet                    
000029a1  USBHCDControlTransfer                
00002df1  USBHCDDevAddress                     
00002e25  USBHCDDevClass                       
00002dc9  USBHCDDevHubPort                     
00002eb9  USBHCDDevProtocol                    
00002e71  USBHCDDevSubClass                    
0000041b  USBHCDEventDisable                   
000003eb  USBHCDEventEnable                    
00002f19  USBHCDFeatureSet                     
00002afd  USBHCDHubDeviceConnected             
00002b95  USBHCDHubDeviceDisconnected          
0000150d  USBHCDInit                           
00003063  USBHCDLPMResume                      
00002ffb  USBHCDLPMSleep                       
00002fd1  USBHCDLPMStatus                      
00002599  USBHCDMain                           
00000873  USBHCDPipeAlloc                      
000005f1  USBHCDPipeAllocSize                  
000008c1  USBHCDPipeConfig                     
00000e03  USBHCDPipeDataAck                    
00001095  USBHCDPipeFree                       
00000e39  USBHCDPipeRead                       
00000db9  USBHCDPipeReadNonBlocking            
00000c95  USBHCDPipeSchedule                   
000005cb  USBHCDPipeTransferSizeGet            
00000a65  USBHCDPipeWrite                      
000014b7  USBHCDPowerAutomatic                 
00001427  USBHCDPowerConfigGet                 
00001415  USBHCDPowerConfigInit                
00001445  USBHCDPowerConfigSet                 
00001625  USBHCDRegisterDrivers                
0000172d  USBHCDReset                          
00001789  USBHCDResume                         
00001971  USBHCDSetAddress                     
00001aaf  USBHCDSetConfig                      
00001af7  USBHCDSetInterface                   
00001909  USBHCDStringDescriptorGet            
00001777  USBHCDSuspend                        
00001661  USBHCDTerm                           
00011795  USBHHubClose                         
00011739  USBHHubEnumerationComplete           
0001175b  USBHHubEnumerationError              
000117a9  USBHHubInit                          
000117d7  USBHHubLPMSleep                      
000117e5  USBHHubLPMStatus                     
0001150d  USBHHubMain                          
0001177d  USBHHubOpen                          
00006a89  USBHighSpeed                         
000078f1  USBHostAddrGet                       
000078b9  USBHostAddrSet                       
00001b43  USBHostCheckPipes                    
00007009  USBHostEndpointConfig                
000076f3  USBHostEndpointDataAck               
00006dd9  USBHostEndpointDataToggle            
00006eb5  USBHostEndpointPing                  
000071a3  USBHostEndpointSpeed                 
00006d0d  USBHostEndpointStatusClear           
00007983  USBHostHubAddrGet                    
0000791f  USBHostHubAddrSet                    
00001c09  USBHostIntHandlerInternal            
00007e53  USBHostLPMConfig                     
00007e77  USBHostLPMResume                     
00007e0b  USBHostLPMSend                       
00007add  USBHostMode                          
000079b1  USBHostPwrConfig                     
00007a23  USBHostPwrDisable                    
00007a0b  USBHostPwrEnable                     
000079f3  USBHostPwrFaultDisable               
000079db  USBHostPwrFaultEnable                
00007851  USBHostRequestIN                     
00007879  USBHostRequestINClear                
000078a7  USBHostRequestStatus                 
00006a5b  USBHostReset                         
00006ab7  USBHostResume                        
00006ae5  USBHostSpeedGet                      
00006a45  USBHostSuspend                       
00006b33  USBIntDisableControl                 
00006bf7  USBIntDisableEndpoint                
00006b71  USBIntEnableControl                  
00006c25  USBIntEnableEndpoint                 
00006ca9  USBIntRegister                       
00006bab  USBIntStatusControl                  
00006c53  USBIntStatusEndpoint                 
00006cc7  USBIntUnregister                     
00007f01  USBLPMEndpointGet                    
00007f61  USBLPMIntDisable                     
00007f47  USBLPMIntEnable                      
00007f37  USBLPMIntStatus                      
00007eed  USBLPMLinkStateGet                   
00007f1d  USBLPMRemoteWakeEnabled              
0000af65  USBLibDMAAddrGet                     
0000af95  USBLibDMAInit                        
0000af7d  USBLibDMASizeGet                     
00007b13  USBModeConfig                        
00007a8d  USBModeGet                           
00007b73  USBNumEndpointsGet                   
00014373  USBOTGFeatureSet                     
000142dd  USBOTGMain                           
00007b01  USBOTGMode                           
000140bb  USBOTGModeInit                       
00014081  USBOTGModeTerm                       
000141ab  USBOTGPollRate                       
00007a49  USBOTGSessionRequest                 
00007b27  USBPHYPowerOff                       
00007b3d  USBPHYPowerOn                        
0001637b  USBRingBufAdvanceRead                
000163a9  USBRingBufAdvanceWrite               
000162d5  USBRingBufContigFree                 
000162a7  USBRingBufContigUsed                 
00016215  USBRingBufEmpty                      
0001623f  USBRingBufFlush                      
00016291  USBRingBufFree                       
000161db  USBRingBufFull                       
00016461  USBRingBufInit                       
00016345  USBRingBufRead                       
0001631f  USBRingBufReadOne                    
00016311  USBRingBufSize                       
0001625f  USBRingBufUsed                       
0001642b  USBRingBufWrite                      
00016405  USBRingBufWriteOne                   
00015beb  USBRxHandler                         
00015cd9  USBSerialGetChar                     
00015c49  USBSerialInit                        
00015ced  USBSerialPutChar                     
00015d35  USBSerialRead                        
00015d85  USBSerialWrite                       
00013f55  USBStackModeSet                      
00015b7f  USBTxHandler                         
00007d4d  USBULPIConfig                        
00007d7b  USBULPIDisable                       
00007d63  USBULPIEnable                        
00007d93  USBULPIRegRead                       
00007dcb  USBULPIRegWrite                      
0001791d  VectorAdd                            
00017851  VectorCrossProduct                   
00017815  VectorDotProduct                     
000178d1  VectorScale                          
20006de0  __STACK_END                          
00000800  __STACK_SIZE                         
20006de0  __STACK_TOP                          
0001a150  __TI_CINIT_Base                      
0001a168  __TI_CINIT_Limit                     
0001a130  __TI_Handler_Table_Base              
0001a13c  __TI_Handler_Table_Limit             
00018eed  __TI_auto_init_nobinit_nopinit       
00018c41  __TI_decompress_lzss                 
000192c3  __TI_decompress_none                 
00018d63  __TI_ltoa                            
ffffffff  __TI_pprof_out_hndl                  
0000f1a5  __TI_printfi                         
ffffffff  __TI_prof_data_size                  
ffffffff  __TI_prof_data_start                 
00000000  __TI_static_base__                   
000192d1  __TI_zero_init                       
0001890d  __aeabi_cdcmpeq                      
0001890d  __aeabi_cdcmple                      
00018993  __aeabi_cdrcmple                     
00018b01  __aeabi_d2f                          
00018ea5  __aeabi_d2iz                         
00017247  __aeabi_dadd                         
00017d49  __aeabi_ddiv                         
000181dd  __aeabi_dmul                         
0001723d  __aeabi_dsub                         
000192f5  __aeabi_errno_addr                   
0001902d  __aeabi_f2d                          
0001916d  __aeabi_i2d                          
00007f7b  __aeabi_idiv0                        
00007f7b  __aeabi_ldiv0                        
00018a19  __aeabi_memclr                       
00018a19  __aeabi_memclr4                      
00018a19  __aeabi_memclr8                      
000187db  __aeabi_memcpy                       
000187db  __aeabi_memcpy4                      
000187db  __aeabi_memcpy8                      
00018a1b  __aeabi_memset                       
00018a1b  __aeabi_memset4                      
00018a1b  __aeabi_memset8                      
00018f31  __aeabi_uidiv                        
00018f31  __aeabi_uidivmod                     
00018877  __aeabi_uldivmod                     
ffffffff  __binit__                            
ffffffff  __c_args__                           
0001913d  __isnanf                             
UNDEFED   __mpu_init                           
200065e0  __stack                              
20000000  __start___llvm_prf_cnts              
20000000  __stop___llvm_prf_cnts               
00019109  _c_int00_noargs                      
000196c0  _ctypes_                             
UNDEFED   _system_post_cinit                   
00019303  _system_pre_init                     
00019307  abort                                
000173f5  asinf                                
00016485  atan                                 
00016cc1  atan2                                
00017565  atan2f                               
00016cc1  atan2l                               
0001796d  atanf                                
00016485  atanl                                
00018e59  atoi                                 
20006fd0  automatico                           
ffffffff  binit                                
00015639  check_and_extract_message_param      
2000651c  colaDeclinacion                      
20006520  colaHumMR                            
20006524  colaMovimientoDLPF                   
20006528  colaMovimientoGIRO                   
2000652c  colaPresionMar                       
20006530  colaPresionMuestreo                  
20006534  colaRangoLuz                         
20006538  colaResolLuz                         
2000653c  colaTempADC                          
00019229  copysign                             
0001925b  copysignf                            
00019229  copysignl                            
00018b71  create_checksum                      
000155a7  create_frame                         
0001562b  decode_message_type                  
00015553  destuff_and_check_checksum           
0000343d  eTaskGetState                        
20007018  errno                                
00018ca9  frexp                                
00018ca9  frexpl                               
20006fc4  g_bUSBTimerInitialized               
200065d8  g_eOTGModeState                      
00019f60  g_fBetaLookup                        
00019f90  g_fRangeLookup                       
00019fa0  g_fResolutionLookup                  
20006ff0  g_iUSBMode                           
0001a024  g_pCDCCompSerConfigDescriptors       
0001a028  g_pCDCCompSerConfigDescriptorsHS     
20000000  g_pfnRAMVectors                      
20006408  g_pfnTickHandlers                    
00000000  g_pfnVectors                         
0001a02c  g_ppCDCSerConfigDescriptors          
0001a030  g_ppCDCSerConfigDescriptorsHS        
20006540  g_ppsDevInfo                         
00019ea0  g_ppui8StringDescriptors             
20006f74  g_psCDCCompSerSections               
20006f84  g_psCDCCompSerSectionsHS             
20006f94  g_psCDCSerSections                   
20006fa0  g_psCDCSerSectionsHS                 
2000620c  g_psDCDInst                          
00019dfc  g_pui8CDCSerCommInterface            
00019eb8  g_pui8CDCSerDataInterface            
00019ecf  g_pui8CDCSerDataInterfaceHS          
20006fd9  g_pui8CDCSerDescriptor               
20006f60  g_pui8CDCSerDeviceDescriptor         
00019cac  g_pui8ConfigString                   
00019dac  g_pui8ControlInterfaceString         
20006ff9  g_pui8IADSerDescriptor               
00019e64  g_pui8LangDescriptor                 
00019dd8  g_pui8ManufacturerString             
00019e1f  g_pui8ProductString                  
00019f38  g_pui8SerialNumberString             
20005eac  g_pui8USBRxBuffer                    
20005fac  g_pui8USBTxBuffer                    
20006420  g_pvTickInstance                     
200062ac  g_sBMP180Inst                        
00019fdc  g_sCDCCompSerConfigHeader            
00019fe4  g_sCDCCompSerConfigHeaderHS          
20006de0  g_sCDCDevice                         
00019d4c  g_sCDCHandlers                       
00019fec  g_sCDCSerCommInterfaceSection        
00019ff4  g_sCDCSerConfigHeader                
00019ffc  g_sCDCSerConfigHeaderHS              
0001a004  g_sCDCSerConfigSection               
0001a00c  g_sCDCSerDataInterfaceSection        
0001a014  g_sCDCSerDataInterfaceSectionHS      
200061b4  g_sCompDCMInst                       
20005c78  g_sI2CInst                           
0001a01c  g_sIADSerConfigSection               
20006360  g_sISL29023Inst                      
20006148  g_sMPU9150Inst                       
20006e7c  g_sRxBuffer                          
2000638c  g_sSHT21Inst                         
20006330  g_sTMP006Inst                        
20006eb4  g_sTxBuffer                          
20006544  g_ui32CPUUsage                       
20006fc8  g_ui32CurrentUSBTick                 
20006548  g_ui32PollRate                       
2000654c  g_ui32PrintSkipCounter               
20006550  g_ui32SystemClock                    
20006fcc  g_ui32USBSOFCount                    
20006ff4  g_ui32WaitTicks                      
20006fe8  g_ulUARTRxCount                      
20006fe4  g_ulUARTTxCount                      
20006554  g_vui8DataFlag_BMP180                
20006558  g_vui8DataFlag_ISL29023              
2000655c  g_vui8DataFlag_SHT21                 
20006560  g_vui8DataFlag_TMP006                
20006564  g_vui8ErrorFlag_BMP180               
20006568  g_vui8ErrorFlag_ISL29023             
2000656c  g_vui8ErrorFlag_MPU9150              
20006570  g_vui8ErrorFlag_SHT21                
20006574  g_vui8ErrorFlag_TMP006               
20006578  g_vui8I2CDataFlag_MPU9150            
00015665  get_message_param_pointer            
2000657c  grupo_colasHumedad                   
20006580  grupo_colasLuz                       
20006584  grupo_colasMovimiento                
20006588  grupo_colasPresion                   
2000658c  grupo_colasTemperatura               
000180cd  ldexp                                
00018591  ldexpf                               
000180cd  ldexpl                               
00006255  main                                 
0001920d  memccpy                              
000187db  memcpy                               
00018a21  memset                               
0000bdb1  pcQueueGetName                       
00003a75  pcTaskGetName                        
00012281  pcTimerGetName                       
20006590  pfAccelX                             
20006594  pfAccelY                             
20006598  pfAccelZ                             
2000659c  pfGyroX                              
200065a0  pfGyroY                              
200065a4  pfGyroZ                              
200065a8  pfMagX                               
200065ac  pfMagY                               
200065b0  pfMagZ                               
200065b4  pfPitch                              
200065b8  pfRoll                               
200065bc  pfYaw                                
00013439  powf                                 
00014ff9  pvPortMalloc                         
000047d9  pvTaskIncrementMutexHeldCount        
000126e9  pvTimerGetTimerID                    
20006e40  pxCurrentTCB                         
00017abd  pxPortInitialiseStack                
20006fd4  radian                               
00015693  receive_frame                        
000180cd  scalbn                               
00018591  scalbnf                              
000180cd  scalbnl                              
200065c0  semaforoHumedad                      
200065c4  semaforoLuz                          
200065c8  semaforoMovimiento                   
200065cc  semaforoPresion                      
200065d0  semaforoTemperatura                  
000156f9  send_frame                           
00018f71  sprintf                              
000176bd  sqrt                                 
0001919d  sqrtf                                
000176bd  sqrtl                                
00019273  strchr                               
00019289  strcpy                               
0001929d  strlen                               
0000baef  ucQueueGetQueueType                  
0001a034  ulMaxSyscallInterruptPriority        
000184c5  ulPortGetIPSR                        
000047f5  ulTaskGenericNotifyTake              
00004cd1  ulTaskGenericNotifyValueClear        
00017f61  uxListRemove                         
0000bacf  uxQueueGetQueueNumber                
0000ba6d  uxQueueMessagesWaiting               
0000baa3  uxQueueMessagesWaitingFromISR        
0000ba83  uxQueueSpacesAvailable               
00003a69  uxTaskGetNumberOfTasks               
00004291  uxTaskGetStackHighWaterMark          
00003a99  uxTaskGetSystemState                 
00004005  uxTaskGetTaskNumber                  
00003505  uxTaskPriorityGet                    
0000352d  uxTaskPriorityGetFromISR             
000047b7  uxTaskResetEventItemValue            
00012243  uxTimerGetReloadMode                 
00012789  uxTimerGetTimerNumber                
0001a038  uxTopUsedPriority                    
00004dfb  vApplicationIdleHook                 
00004e03  vApplicationMallocFailedHook         
00004dd1  vApplicationStackOverflowHook        
00004ddb  vApplicationTickHook                 
00018bd9  vConfigureTimerForRunTimeStats       
00017e7f  vListInitialise                      
00017eaf  vListInitialiseItem                  
00017efb  vListInsert                          
00017ebf  vListInsertEnd                       
00018581  vPortEnableVFP                       
00017b5d  vPortEndScheduler                    
00017b5f  vPortEnterCritical                   
00017b7f  vPortExitCritical                    
0001512f  vPortFree                            
000152e5  vPortGetHeapStats                    
00015195  vPortInitialiseBlocks                
0001853d  vPortSVCHandler                      
00017bbb  vPortSetupTimerInterrupt             
0001855d  vPortStartFirstTask                  
0000bd6f  vQueueAddToRegistry                  
0000bab9  vQueueDelete                         
0000badd  vQueueSetQueueNumber                 
0000bdf1  vQueueUnregisterQueue                
0000be35  vQueueWaitForMessageRestricted       
000033fb  vTaskDelay                           
000032bd  vTaskDelete                          
0000392f  vTaskEndScheduler                    
00004bc3  vTaskGenericNotifyGiveFromISR        
000040fd  vTaskGetInfo                         
000046df  vTaskGetRunTimeStats                 
00003f4b  vTaskInternalSetTimeOutState         
000045cd  vTaskList                            
00003ffd  vTaskMissedYield                     
00003dbd  vTaskPlaceOnEventList                
00003e0d  vTaskPlaceOnEventListRestricted      
00003ddd  vTaskPlaceOnUnorderedEventList       
000044b3  vTaskPriorityDisinheritAfterTimeout  
00003575  vTaskPrioritySet                     
00003ebf  vTaskRemoveFromUnorderedEventList    
000037bf  vTaskResume                          
00004025  vTaskSetTaskNumber                   
00003f2d  vTaskSetTimeOutState                 
000038d5  vTaskStartScheduler                  
0000368d  vTaskSuspend                         
0000394b  vTaskSuspendAll                      
00003cd9  vTaskSwitchContext                   
00005025  vTimerCallback                       
0001220d  vTimerSetReloadMode                  
00012703  vTimerSetTimerID                     
00012797  vTimerSetTimerNumber                 
000192b1  wcslen                               
00015189  xPortGetFreeHeapSize                 
0001518f  xPortGetMinimumEverFreeHeapSize      
000184dd  xPortPendSVHandler                   
00017b27  xPortStartScheduler                  
00017b95  xPortSysTickHandler                  
0000bea5  xQueueAddToSet                       
0000b2ef  xQueueCreateCountingSemaphore        
0000b2c3  xQueueCreateMutex                    
0000be91  xQueueCreateSet                      
0000b209  xQueueGenericCreate                  
0000b169  xQueueGenericReset                   
0000b30f  xQueueGenericSend                    
0000b475  xQueueGenericSendFromISR             
0000b53d  xQueueGiveFromISR                    
0000bd03  xQueueIsQueueEmptyFromISR            
0000bd49  xQueueIsQueueFullFromISR             
0000b85d  xQueuePeek                           
0000ba1b  xQueuePeekFromISR                    
0000b5eb  xQueueReceive                        
0000b981  xQueueReceiveFromISR                 
2000625c  xQueueRegistry                       
0000bed9  xQueueRemoveFromSet                  
0000bf1b  xQueueSelectFromSet                  
0000bf33  xQueueSelectFromSetFromISR           
0000b703  xQueueSemaphoreTake                  
00003b7d  xTaskCatchUpTicks                    
00003f79  xTaskCheckForTimeOut                 
000030a9  xTaskCreate                          
0000336b  xTaskDelayUntil                      
0000497d  xTaskGenericNotify                   
00004a95  xTaskGenericNotifyFromISR            
00004c7f  xTaskGenericNotifyStateClear         
00004893  xTaskGenericNotifyWait               
00004301  xTaskGetCurrentTaskHandle            
00004321  xTaskGetSchedulerState               
00003a45  xTaskGetTickCount                    
00003a55  xTaskGetTickCountFromISR             
00003bb9  xTaskIncrementTick                   
00004429  xTaskPriorityDisinherit              
0000435d  xTaskPriorityInherit                 
00003e41  xTaskRemoveFromEventList             
0000395d  xTaskResumeAll                       
0000383d  xTaskResumeFromISR                   
200065d4  xTimer                               
[...]
00012c29  TimerMatchSet                        
00012c53  TimerMatchGet                        
00012c6f  TimerMatchSet64                      
00012c89  TimerMatchGet64                      
00012cbb  TimerIntRegister                     
00012ce3  TimerIntUnregister                   
00012d01  TimerIntEnable                       
00012d19  TimerIntDisable                      
00012d31  TimerIntStatus                       
00012d4f  TimerIntClear                        
00012d61  TimerSynchronize                     
00012d73  TimerADCEventSet                     
00012d85  TimerADCEventGet                     
00012d93  TimerDMAEventSet                     
00012da5  TimerDMAEventGet                     
00012db3  TimerUpdateMode                      
00012e67  UARTParityModeSet                    
00012e83  UARTParityModeGet                    
00012e95  UARTFIFOLevelSet                     
00012ead  UARTFIFOLevelGet                     
00012ed5  UARTConfigSetExpClk                  
00012f4b  UARTConfigGetExpClk                  
00012f97  UARTEnable                           
00012fbb  UARTDisable                          
00012fe5  UARTFIFOEnable                       
00012ffb  UARTFIFODisable                      
00013011  UARTEnableSIR                        
0001303f  UARTDisableSIR                       
00013055  UARTSmartCardEnable                  
00013087  UARTSmartCardDisable                 
0001309d  UARTModemControlSet                  
000130d5  UARTModemControlClear                
000130f9  UARTModemControlGet                  
0001310b  UARTModemStatusGet                   
0001311f  UARTFlowControlSet                   
0001313b  UARTFlowControlGet                   
0001314d  UARTTxIntModeSet                     
00013169  UARTTxIntModeGet                     
0001317b  UARTCharsAvail                       
00013199  UARTSpaceAvail                       
000131b7  UARTCharGetNonBlocking               
000131d3  UARTCharGet                          
000131e9  UARTCharPutNonBlocking               
0001320d  UARTCharPut                          
0001322b  UARTBreakCtl                         
00013255  UARTBusy                             
00013273  UARTIntRegister                      
00013291  UARTIntUnregister                    
000132b1  UARTIntEnable                        
000132c9  UARTIntDisable                       
000132e1  UARTIntStatus                        
000132ff  UARTIntClear                         
00013311  UARTDMAEnable                        
00013329  UARTDMADisable                       
00013341  UARTRxErrorGet                       
00013353  UARTRxErrorClear                     
00013363  UARTClockSourceSet                   
00013377  UARTClockSourceGet                   
00013387  UART9BitEnable                       
0001339d  UART9BitDisable                      
000133b3  UART9BitAddrSet                      
000133d9  UART9BitAddrSend                     
00013421  UARTLoopbackEnable                   
00013439  powf                                 
00013a55  TMP006Init                           
00013ac5  TMP006Read                           
00013b23  TMP006Write                          
00013b81  TMP006ReadModifyWrite                
00013bdf  TMP006DataRead                       
00013c43  TMP006DataTemperatureGetRaw          
00013c79  TMP006DataTemperatureGetFloat        
00013f55  USBStackModeSet                      
00013f91  USB0DualModeIntHandler               
00013fdd  USBDualModeInit                      
0001404d  USBDualModeTerm                      
00014081  USBOTGModeTerm                       
000140bb  USBOTGModeInit                       
000141ab  USBOTGPollRate                       
000141d1  USB0OTGModeIntHandler                
000142b7  OTGDeviceDisconnect                  
000142dd  USBOTGMain                           
00014373  USBOTGFeatureSet                     
00014683  USBBufferInit                        
000146a1  USBBufferZeroLengthPacketInsert      
000146d1  USBBufferInfoGet                     
000146fd  USBBufferDataWritten                 
0001471d  USBBufferDataRemoved                 
00014737  USBBufferCallbackDataSet             
00014751  USBBufferWrite                       
00014795  USBBufferFlush                       
000147a7  USBBufferRead                        
000147e5  USBBufferDataAvailable               
000147f7  USBBufferSpaceAvailable              
00014809  USBBufferEventCallback               
00014887  IntMasterEnable                      
00014897  IntMasterDisable                     
000148a7  IntRegister                          
000148f9  IntUnregister                        
0001490d  IntPriorityGroupingSet               
00014927  IntPriorityGroupingGet               
0001495f  IntPrioritySet                       
000149af  IntPriorityGet                       
000149d3  IntEnable                            
00014a45  IntDisable                           
00014ab7  IntIsEnabled                         
00014b3d  IntPendSet                           
00014bad  IntPendClear                         
00014bfb  IntPriorityMaskSet                   
00014c07  IntPriorityMaskGet                   
00014c0f  IntTrigger                           
00014ced  ISL29023Init                         
00014d6b  ISL29023Read                         
00014dd1  ISL29023Write                        
00014e61  ISL29023ReadModifyWrite              
00014ec7  ISL29023DataRead                     
00014f2b  ISL29023DataLightVisibleGetRaw       
00014f47  ISL29023DataLightVisibleGetFloat     
00014f97  ISL29023DataLightIRGetRaw            
00014fb9  ISL29023DataLightIRGetFloat          
00014ff9  pvPortMalloc                         
0001512f  vPortFree                            
00015189  xPortGetFreeHeapSize                 
0001518f  xPortGetMinimumEverFreeHeapSize      
00015195  vPortInitialiseBlocks                
000152e5  vPortGetHeapStats                    
00015553  destuff_and_check_checksum           
000155a7  create_frame                         
0001562b  decode_message_type                  
00015639  check_and_extract_message_param      
00015665  get_message_param_pointer            
00015693  receive_frame                        
000156f9  send_frame                           
000157ef  USBDeviceConfig                      
000159e5  USBDeviceConfigAlternate             
00015af5  USBControlHandler                    
00015b7f  USBTxHandler                         
00015beb  USBRxHandler                         
00015c49  USBSerialInit                        
00015cd9  USBSerialGetChar                     
00015ced  USBSerialPutChar                     
00015d35  USBSerialRead                        
00015d85  USBSerialWrite                       
00015e79  SHT21Init                            
00015ed7  SHT21Read                            
00015f3d  SHT21Write                           
00015f9b  SHT21ReadModifyWrite                 
00015ff9  SHT21DataRead                        
00016055  SHT21DataTemperatureGetRaw           
00016071  SHT21DataTemperatureGetFloat         
000160cf  SHT21DataHumidityGetRaw              
000160f1  SHT21DataHumidityGetFloat            
000161db  USBRingBufFull                       
00016215  USBRingBufEmpty                      
0001623f  USBRingBufFlush                      
0001625f  USBRingBufUsed                       
00016291  USBRingBufFree                       
000162a7  USBRingBufContigUsed                 
000162d5  USBRingBufContigFree                 
00016311  USBRingBufSize                       
0001631f  USBRingBufReadOne                    
00016345  USBRingBufRead                       
0001637b  USBRingBufAdvanceRead                
000163a9  USBRingBufAdvanceWrite               
00016405  USBRingBufWriteOne                   
0001642b  USBRingBufWrite                      
00016461  USBRingBufInit                       
00016485  atan                                 
00016485  atanl                                
00016843  USBDCDConfigDescGetSize              
0001687b  USBDCDConfigDescGetNum               
000168c9  USBDCDConfigDescGet                  
00016957  USBDCDConfigGetNumAlternateInterfaces
000169ab  USBDCDConfigGetInterface             
000169e1  USBDCDConfigGetInterfaceEndpoint     
00016cc1  atan2                                
00016cc1  atan2l                               
00016e99  USBDescGetNum                        
00016ef5  USBDescGet                           
00016f5f  USBDescGetNumAlternateInterfaces     
00017019  USBDescGetInterface                  
00017047  USBDescGetInterfaceEndpoint          
0001723d  __aeabi_dsub                         
00017247  __aeabi_dadd                         
000173f5  asinf                                
00017565  atan2f                               
000176bd  sqrt                                 
000176bd  sqrtl                                
00017815  VectorDotProduct                     
00017851  VectorCrossProduct                   
000178d1  VectorScale                          
0001791d  VectorAdd                            
0001796d  atanf                                
00017abd  pxPortInitialiseStack                
00017b27  xPortStartScheduler                  
00017b5d  vPortEndScheduler                    
00017b5f  vPortEnterCritical                   
00017b7f  vPortExitCritical                    
00017b95  xPortSysTickHandler                  
00017bbb  vPortSetupTimerInterrupt             
00017d49  __aeabi_ddiv                         
00017e7f  vListInitialise                      
00017eaf  vListInitialiseItem                  
00017ebf  vListInsertEnd                       
00017efb  vListInsert                          
00017f61  uxListRemove                         
000180cd  ldexp                                
000180cd  ldexpl                               
000180cd  scalbn                               
000180cd  scalbnl                              
000181dd  __aeabi_dmul                         
000182d9  CPUUsageTick                         
00018317  CPUUsageInit                         
000183c9  InternalUSBTickInit                  
00018407  InternalUSBTickReset                 
0001840f  InternalUSBRegisterTickHandler       
0001845f  InternalUSBStartOfFrameTick          
000184c5  ulPortGetIPSR                        
000184dd  xPortPendSVHandler                   
0001853d  vPortSVCHandler                      
0001855d  vPortStartFirstTask                  
00018581  vPortEnableVFP                       
00018591  ldexpf                               
00018591  scalbnf                              
00018661  ULPIConfigSet                        
00018703  ULPIPowerTransceiver                 
000187db  __aeabi_memcpy                       
000187db  __aeabi_memcpy4                      
000187db  __aeabi_memcpy8                      
000187db  memcpy                               
00018877  __aeabi_uldivmod                     
0001890d  __aeabi_cdcmpeq                      
0001890d  __aeabi_cdcmple                      
00018993  __aeabi_cdrcmple                     
00018a19  __aeabi_memclr                       
00018a19  __aeabi_memclr4                      
00018a19  __aeabi_memclr8                      
00018a1b  __aeabi_memset                       
00018a1b  __aeabi_memset4                      
00018a1b  __aeabi_memset8                      
00018a21  memset                               
00018b01  __aeabi_d2f                          
00018b71  create_checksum                      
00018bd9  vConfigureTimerForRunTimeStats       
00018c41  __TI_decompress_lzss                 
00018ca9  frexp                                
00018ca9  frexpl                               
00018d63  __TI_ltoa                            
00018e09  I2CMReadModifyWrite16BE              
00018e59  atoi                                 
00018ea5  __aeabi_d2iz                         
00018eed  __TI_auto_init_nobinit_nopinit       
00018f31  __aeabi_uidiv                        
00018f31  __aeabi_uidivmod                     
00018f71  sprintf                              
00018fef  CPUcpsid                             
00018ffb  CPUprimask                           
00019005  CPUcpsie                             
00019011  CPUwfi                               
00019015  CPUbasepriSet                        
00019023  CPUbasepriGet                        
0001902d  __aeabi_f2d                          
00019065  I2CMRead                             
0001909b  I2CMWrite                            
000190d1  I2CMWriteBatched                     
00019109  _c_int00_noargs                      
0001913d  __isnanf                             
0001916d  __aeabi_i2d                          
0001919d  sqrtf                                
000191c5  GetOverflowCounts                    
000191e9  USB0DeviceIntHandler                 
0001920d  memccpy                              
00019229  copysign                             
00019229  copysignl                            
0001925b  copysignf                            
00019273  strchr                               
00019289  strcpy                               
0001929d  strlen                               
000192b1  wcslen                               
000192c3  __TI_decompress_none                 
000192d1  __TI_zero_init                       
000192dd  ResetISR                             
000192f5  __aeabi_errno_addr                   
000192fd  SysCtlDelay                          
00019303  _system_pre_init                     
00019307  C$$EXIT                              
00019307  abort                                
000196c0  _ctypes_                             
00019cac  g_pui8ConfigString                   
00019d4c  g_sCDCHandlers                       
00019dac  g_pui8ControlInterfaceString         
00019dd8  g_pui8ManufacturerString             
00019dfc  g_pui8CDCSerCommInterface            
00019e1f  g_pui8ProductString                  
00019e64  g_pui8LangDescriptor                 
00019ea0  g_ppui8StringDescriptors             
00019eb8  g_pui8CDCSerDataInterface            
00019ecf  g_pui8CDCSerDataInterfaceHS          
00019f38  g_pui8SerialNumberString             
00019f60  g_fBetaLookup                        
00019f90  g_fRangeLookup                       
00019fa0  g_fResolutionLookup                  
00019fdc  g_sCDCCompSerConfigHeader            
00019fe4  g_sCDCCompSerConfigHeaderHS          
00019fec  g_sCDCSerCommInterfaceSection        
00019ff4  g_sCDCSerConfigHeader                
00019ffc  g_sCDCSerConfigHeaderHS              
0001a004  g_sCDCSerConfigSection               
0001a00c  g_sCDCSerDataInterfaceSection        
0001a014  g_sCDCSerDataInterfaceSectionHS      
0001a01c  g_sIADSerConfigSection               
0001a024  g_pCDCCompSerConfigDescriptors       
0001a028  g_pCDCCompSerConfigDescriptorsHS     
0001a02c  g_ppCDCSerConfigDescriptors          
0001a030  g_ppCDCSerConfigDescriptorsHS        
0001a034  ulMaxSyscallInterruptPriority        
0001a038  uxTopUsedPriority                    
0001a130  __TI_Handler_Table_Base              
0001a13c  __TI_Handler_Table_Limit             
0001a150  __TI_CINIT_Base                      
0001a168  __TI_CINIT_Limit                     
20000000  __start___llvm_prf_cnts              
20000000  __stop___llvm_prf_cnts               
20000000  g_pfnRAMVectors                      
20005c78  g_sI2CInst                           
20005eac  g_pui8USBRxBuffer                    
20005fac  g_pui8USBTxBuffer                    
20006148  g_sMPU9150Inst                       
200061b4  g_sCompDCMInst                       
2000620c  g_psDCDInst                          
2000625c  xQueueRegistry                       
200062ac  g_sBMP180Inst                        
20006330  g_sTMP006Inst                        
20006360  g_sISL29023Inst                      
2000638c  g_sSHT21Inst                         
20006408  g_pfnTickHandlers                    
20006420  g_pvTickInstance                     
2000651c  colaDeclinacion                      
20006520  colaHumMR                            
20006524  colaMovimientoDLPF                   
20006528  colaMovimientoGIRO                   
2000652c  colaPresionMar                       
20006530  colaPresionMuestreo                  
20006534  colaRangoLuz                         
20006538  colaResolLuz                         
2000653c  colaTempADC                          
20006540  g_ppsDevInfo                         
20006544  g_ui32CPUUsage                       
20006548  g_ui32PollRate                       
2000654c  g_ui32PrintSkipCounter               
20006550  g_ui32SystemClock                    
20006554  g_vui8DataFlag_BMP180                
20006558  g_vui8DataFlag_ISL29023              
2000655c  g_vui8DataFlag_SHT21                 
20006560  g_vui8DataFlag_TMP006                
20006564  g_vui8ErrorFlag_BMP180               
20006568  g_vui8ErrorFlag_ISL29023             
2000656c  g_vui8ErrorFlag_MPU9150              
20006570  g_vui8ErrorFlag_SHT21                
20006574  g_vui8ErrorFlag_TMP006               
20006578  g_vui8I2CDataFlag_MPU9150            
2000657c  grupo_colasHumedad                   
20006580  grupo_colasLuz                       
20006584  grupo_colasMovimiento                
20006588  grupo_colasPresion                   
2000658c  grupo_colasTemperatura               
20006590  pfAccelX                             
20006594  pfAccelY                             
20006598  pfAccelZ                             
2000659c  pfGyroX                              
200065a0  pfGyroY                              
200065a4  pfGyroZ                              
200065a8  pfMagX                               
200065ac  pfMagY                               
200065b0  pfMagZ                               
200065b4  pfPitch                              
200065b8  pfRoll                               
200065bc  pfYaw                                
200065c0  semaforoHumedad                      
200065c4  semaforoLuz                          
200065c8  semaforoMovimiento                   
200065cc  semaforoPresion                      
200065d0  semaforoTemperatura                  
200065d4  xTimer                               
200065d8  g_eOTGModeState                      
200065e0  __stack                              
20006de0  __STACK_END                          
20006de0  __STACK_TOP                          
20006de0  g_sCDCDevice                         
20006e40  pxCurrentTCB                         
20006e7c  g_sRxBuffer                          
20006eb4  g_sTxBuffer                          
20006f60  g_pui8CDCSerDeviceDescriptor         
20006f74  g_psCDCCompSerSections               
20006f84  g_psCDCCompSerSectionsHS             
20006f94  g_psCDCSerSections                   
20006fa0  g_psCDCSerSectionsHS                 
20006fc4  g_bUSBTimerInitialized               
20006fc8  g_ui32CurrentUSBTick                 
20006fcc  g_ui32USBSOFCount                    
20006fd0  automatico                           
20006fd4  radian                               
20006fd9  g_pui8CDCSerDescriptor               
20006fe4  g_ulUARTTxCount                      
20006fe8  g_ulUARTRxCount                      
20006ff0  g_iUSBMode                           
20006ff4  g_ui32WaitTicks                      
20006ff9  g_pui8IADSerDescriptor               
20007018  errno                                
ffffffff  __TI_pprof_out_hndl                  
ffffffff  __TI_prof_data_size                  
ffffffff  __TI_prof_data_start                 
ffffffff  __binit__                            
ffffffff  __c_args__                           
ffffffff  binit                                
UNDEFED   __mpu_init                           
UNDEFED   _system_post_cinit                   

[911 symbols]
